≡ƒÜÇ Requesting PDF view for ID: 6935ddb99de156ebadd893dc
node : Γ¥î View Failed: 404 
<ref *2> IncomingMessage {
At line:1 char:1
+ node scripts/test_view.js > 
test_output.txt 2>&1
+ ~~~~~~~~~~~~~~~~~~~~~~~~~~~~~
~~~~~~~~~~~~~~~~~~~
    + CategoryInfo          :  
   NotSpecified: (Γ¥î View Fa  
  iled...comingMessage {:Str   
 ing) [], RemoteException
    + FullyQualifiedErrorId :  
   NativeCommandError
 
  _events: {
    close: undefined,
    error: undefined,
    data: undefined,
    end: [Function: 
responseOnEnd],
    readable: undefined
  },
  _readableState: 
ReadableState {
    highWaterMark: 16384,
    buffer: [
      <Buffer 7b 22 73 75 63 
63 65 73 73 22 3a 66 61 6c 73 
65 2c 22 6d 65 73 73 61 67 65 
22 3a 22 50 44 46 20 6e 6f 74 
20 66 6f 75 6e 64 22 7d>
    ],
    bufferIndex: 0,
    length: 43,
    pipes: [],
    awaitDrainWriters: null,
    [Symbol(kState)]: 1315596
  },
  _maxListeners: undefined,
  socket: <ref *1> Socket {
    connecting: false,
    _hadError: false,
    _parent: null,
    _host: 'localhost',
    _closeAfterHandlingError: 
false,
    _events: {
      close: [Array],
      error: [Function: 
socketErrorListener],
      prefinish: undefined,
      finish: undefined,
      drain: undefined,
      data: undefined,
      end: [Function: 
onReadableStreamEnd],
      readable: undefined,
      connect: undefined,
      free: [Function: onFree],
      timeout: [Array],
      agentRemove: [Function: 
onRemove]
    },
    _readableState: 
ReadableState {
      highWaterMark: 16384,
      buffer: [],
      bufferIndex: 0,
      length: 0,
      pipes: [],
      awaitDrainWriters: null,
      [Symbol(kState)]: 
60303620
    },
    _writableState: 
WritableState {
      highWaterMark: 16384,
      length: 0,
      corked: 0,
      onwrite: [Function: 
bound onwrite],
      writelen: 0,
      bufferedIndex: 0,
      pendingcb: 0,
      [Symbol(kState)]: 
17563908,
      
[Symbol(kBufferedValue)]: null,
      [Symbol(kWriteCbValue)]: 
[Function: bound onFinish]
    },
    allowHalfOpen: false,
    _maxListeners: undefined,
    _eventsCount: 6,
    _sockname: null,
    _pendingData: null,
    _pendingEncoding: '',
    server: null,
    _server: null,
    timeout: 0,
    parser: null,
    _httpMessage: 
ClientRequest {
      _events: [Object: null 
prototype],
      _eventsCount: 7,
      _maxListeners: undefined,
      outputData: [],
      outputSize: 0,
      writable: true,
      destroyed: false,
      _last: true,
      chunkedEncoding: false,
      shouldKeepAlive: true,
      maxRequestsOnConnectionRe
ached: false,
      _defaultKeepAlive: true,
      
useChunkedEncodingByDefault: 
false,
      sendDate: false,
      _removedConnection: 
false,
      _removedContLen: false,
      _removedTE: false,
      strictContentLength: 
false,
      _contentLength: 0,
      _hasBody: true,
      _trailer: '',
      finished: true,
      _headerSent: true,
      _closed: false,
      socket: [Circular *1],
      _header: 'GET /api/pdfs/6
935ddb99de156ebadd893dc/view 
HTTP/1.1\r\n' +
        'Accept: 
application/json, text/plain, 
*/*\r\n' +
        'User-Agent: 
axios/1.13.2\r\n' +
        'Accept-Encoding: 
gzip, compress, deflate, 
br\r\n' +
        'Host: 
localhost:5000\r\n' +
        'Connection: 
keep-alive\r\n' +
        '\r\n',
      _keepAliveTimeout: 0,
      _onPendingData: 
[Function: nop],
      agent: [Agent],
      socketPath: undefined,
      method: 'GET',
      maxHeaderSize: undefined,
      insecureHTTPParser: 
undefined,
      joinDuplicateHeaders: 
undefined,
      path: '/api/pdfs/6935ddb9
9de156ebadd893dc/view',
      _ended: false,
      res: [Circular *2],
      aborted: false,
      timeoutCb: [Function: 
emitRequestTimeout],
      upgradeOrConnect: false,
      parser: null,
      maxHeadersCount: null,
      reusedSocket: false,
      host: 'localhost',
      protocol: 'http:',
      _redirectable: 
[Writable],
      [Symbol(shapeMode)]: 
false,
      [Symbol(kCapture)]: 
false,
      [Symbol(kBytesWritten)]: 
0,
      [Symbol(kNeedDrain)]: 
false,
      [Symbol(corked)]: 0,
      [Symbol(kOutHeaders)]: 
[Object: null prototype],
      [Symbol(errored)]: null,
      
[Symbol(kHighWaterMark)]: 
16384,
      [Symbol(kRejectNonStandar
dBodyWrites)]: false,
      
[Symbol(kUniqueHeaders)]: null
    },
    autoSelectFamilyAttemptedAd
dresses: [ '::1:5000' ],
    [Symbol(async_id_symbol)]: 
6,
    [Symbol(kHandle)]: TCP {
      reading: true,
      onconnection: null,
      [Symbol(owner_symbol)]: 
[Circular *1]
    },
    
[Symbol(lastWriteQueueSize)]: 
0,
    [Symbol(timeout)]: Timeout 
{
      _idleTimeout: -1,
      _idlePrev: null,
      _idleNext: null,
      _idleStart: 131,
      _onTimeout: null,
      _timerArgs: undefined,
      _repeat: null,
      _destroyed: true,
      [Symbol(refed)]: false,
      [Symbol(kHasPrimitive)]: 
false,
      [Symbol(asyncId)]: 5,
      [Symbol(triggerId)]: 1
    },
    [Symbol(kBuffer)]: null,
    [Symbol(kBufferCb)]: null,
    [Symbol(kBufferGen)]: null,
    [Symbol(shapeMode)]: true,
    [Symbol(kCapture)]: false,
    [Symbol(kSetNoDelay)]: 
true,
    [Symbol(kSetKeepAlive)]: 
true,
    [Symbol(kSetKeepAliveInitia
lDelay)]: 60,
    [Symbol(kBytesRead)]: 0,
    [Symbol(kBytesWritten)]: 0
  },
  httpVersionMajor: 1,
  httpVersionMinor: 1,
  httpVersion: '1.1',
  complete: true,
  rawHeaders: [
    'Content-Security-Policy',
    "default-src 
'self';base-uri 
'self';font-src 'self' https: 
data:;form-action 
'self';frame-ancestors 'self' 
http://localhost:3000 https://d
hruvataare-ayurveda.vercel.app 
https://dhruvataare-ayurveda-u6
1c.vercel.app;img-src 'self' 
data:;object-src 
'none';script-src 
'self';script-src-attr 
'none';style-src 'self' https: 
'unsafe-inline';upgrade-insecur
e-requests",
    
'Cross-Origin-Opener-Policy',
    'same-origin',
    
'Cross-Origin-Resource-Policy',
    'same-origin',
    'Origin-Agent-Cluster',
    '?1',
    'Referrer-Policy',
    'no-referrer',
    
'Strict-Transport-Security',
    'max-age=15552000; 
includeSubDomains',
    'X-Content-Type-Options',
    'nosniff',
    'X-DNS-Prefetch-Control',
    'off',
    'X-Download-Options',
    'noopen',
    'X-Frame-Options',
    'SAMEORIGIN',
    'X-Permitted-Cross-Domain-P
olicies',
    'none',
    'X-XSS-Protection',
    '0',
    'Vary',
    'Origin, Accept-Encoding',
    'Access-Control-Allow-Crede
ntials',
    'true',
    'RateLimit-Policy',
    '1000;w=900',
    'RateLimit-Limit',
    '1000',
    'RateLimit-Remaining',
    '998',
    'RateLimit-Reset',
    '875',
    'Content-Type',
    'application/json; 
charset=utf-8',
    'Content-Length',
    '43',
    'ETag',
    'W/"2b-5u4GoMz2lOshf5m0dlMi
+nTFzvQ"',
    'Date',
    'Sun, 07 Dec 2025 20:23:06 
GMT',
    'Connection',
    'keep-alive',
    'Keep-Alive',
    'timeout=5'
  ],
  rawTrailers: [],
  joinDuplicateHeaders: 
undefined,
  aborted: false,
  upgrade: false,
  url: '',
  method: null,
  statusCode: 404,
  statusMessage: 'Not Found',
  client: <ref *1> Socket {
    connecting: false,
    _hadError: false,
    _parent: null,
    _host: 'localhost',
    _closeAfterHandlingError: 
false,
    _events: {
      close: [Array],
      error: [Function: 
socketErrorListener],
      prefinish: undefined,
      finish: undefined,
      drain: undefined,
      data: undefined,
      end: [Function: 
onReadableStreamEnd],
      readable: undefined,
      connect: undefined,
      free: [Function: onFree],
      timeout: [Array],
      agentRemove: [Function: 
onRemove]
    },
    _readableState: 
ReadableState {
      highWaterMark: 16384,
      buffer: [],
      bufferIndex: 0,
      length: 0,
      pipes: [],
      awaitDrainWriters: null,
      [Symbol(kState)]: 
60303620
    },
    _writableState: 
WritableState {
      highWaterMark: 16384,
      length: 0,
      corked: 0,
      onwrite: [Function: 
bound onwrite],
      writelen: 0,
      bufferedIndex: 0,
      pendingcb: 0,
      [Symbol(kState)]: 
17563908,
      
[Symbol(kBufferedValue)]: null,
      [Symbol(kWriteCbValue)]: 
[Function: bound onFinish]
    },
    allowHalfOpen: false,
    _maxListeners: undefined,
    _eventsCount: 6,
    _sockname: null,
    _pendingData: null,
    _pendingEncoding: '',
    server: null,
    _server: null,
    timeout: 0,
    parser: null,
    _httpMessage: 
ClientRequest {
      _events: [Object: null 
prototype],
      _eventsCount: 7,
      _maxListeners: undefined,
      outputData: [],
      outputSize: 0,
      writable: true,
      destroyed: false,
      _last: true,
      chunkedEncoding: false,
      shouldKeepAlive: true,
      maxRequestsOnConnectionRe
ached: false,
      _defaultKeepAlive: true,
      
useChunkedEncodingByDefault: 
false,
      sendDate: false,
      _removedConnection: 
false,
      _removedContLen: false,
      _removedTE: false,
      strictContentLength: 
false,
      _contentLength: 0,
      _hasBody: true,
      _trailer: '',
      finished: true,
      _headerSent: true,
      _closed: false,
      socket: [Circular *1],
      _header: 'GET /api/pdfs/6
935ddb99de156ebadd893dc/view 
HTTP/1.1\r\n' +
        'Accept: 
application/json, text/plain, 
*/*\r\n' +
        'User-Agent: 
axios/1.13.2\r\n' +
        'Accept-Encoding: 
gzip, compress, deflate, 
br\r\n' +
        'Host: 
localhost:5000\r\n' +
        'Connection: 
keep-alive\r\n' +
        '\r\n',
      _keepAliveTimeout: 0,
      _onPendingData: 
[Function: nop],
      agent: [Agent],
      socketPath: undefined,
      method: 'GET',
      maxHeaderSize: undefined,
      insecureHTTPParser: 
undefined,
      joinDuplicateHeaders: 
undefined,
      path: '/api/pdfs/6935ddb9
9de156ebadd893dc/view',
      _ended: false,
      res: [Circular *2],
      aborted: false,
      timeoutCb: [Function: 
emitRequestTimeout],
      upgradeOrConnect: false,
      parser: null,
      maxHeadersCount: null,
      reusedSocket: false,
      host: 'localhost',
      protocol: 'http:',
      _redirectable: 
[Writable],
      [Symbol(shapeMode)]: 
false,
      [Symbol(kCapture)]: 
false,
      [Symbol(kBytesWritten)]: 
0,
      [Symbol(kNeedDrain)]: 
false,
      [Symbol(corked)]: 0,
      [Symbol(kOutHeaders)]: 
[Object: null prototype],
      [Symbol(errored)]: null,
      
[Symbol(kHighWaterMark)]: 
16384,
      [Symbol(kRejectNonStandar
dBodyWrites)]: false,
      
[Symbol(kUniqueHeaders)]: null
    },
    autoSelectFamilyAttemptedAd
dresses: [ '::1:5000' ],
    [Symbol(async_id_symbol)]: 
6,
    [Symbol(kHandle)]: TCP {
      reading: true,
      onconnection: null,
      [Symbol(owner_symbol)]: 
[Circular *1]
    },
    
[Symbol(lastWriteQueueSize)]: 
0,
    [Symbol(timeout)]: Timeout 
{
      _idleTimeout: -1,
      _idlePrev: null,
      _idleNext: null,
      _idleStart: 131,
      _onTimeout: null,
      _timerArgs: undefined,
      _repeat: null,
      _destroyed: true,
      [Symbol(refed)]: false,
      [Symbol(kHasPrimitive)]: 
false,
      [Symbol(asyncId)]: 5,
      [Symbol(triggerId)]: 1
    },
    [Symbol(kBuffer)]: null,
    [Symbol(kBufferCb)]: null,
    [Symbol(kBufferGen)]: null,
    [Symbol(shapeMode)]: true,
    [Symbol(kCapture)]: false,
    [Symbol(kSetNoDelay)]: 
true,
    [Symbol(kSetKeepAlive)]: 
true,
    [Symbol(kSetKeepAliveInitia
lDelay)]: 60,
    [Symbol(kBytesRead)]: 0,
    [Symbol(kBytesWritten)]: 0
  },
  _consuming: false,
  _dumped: false,
  req: <ref *3> ClientRequest {
    _events: [Object: null 
prototype] {
      abort: [Function 
(anonymous)],
      aborted: [Function 
(anonymous)],
      connect: [Function 
(anonymous)],
      error: [Function 
(anonymous)],
      socket: [Function 
(anonymous)],
      timeout: [Function 
(anonymous)],
      finish: [Function: 
requestOnFinish]
    },
    _eventsCount: 7,
    _maxListeners: undefined,
    outputData: [],
    outputSize: 0,
    writable: true,
    destroyed: false,
    _last: true,
    chunkedEncoding: false,
    shouldKeepAlive: true,
    maxRequestsOnConnectionReac
hed: false,
    _defaultKeepAlive: true,
    
useChunkedEncodingByDefault: 
false,
    sendDate: false,
    _removedConnection: false,
    _removedContLen: false,
    _removedTE: false,
    strictContentLength: false,
    _contentLength: 0,
    _hasBody: true,
    _trailer: '',
    finished: true,
    _headerSent: true,
    _closed: false,
    socket: <ref *1> Socket {
      connecting: false,
      _hadError: false,
      _parent: null,
      _host: 'localhost',
      
_closeAfterHandlingError: 
false,
      _events: [Object],
      _readableState: 
[ReadableState],
      _writableState: 
[WritableState],
      allowHalfOpen: false,
      _maxListeners: undefined,
      _eventsCount: 6,
      _sockname: null,
      _pendingData: null,
      _pendingEncoding: '',
      server: null,
      _server: null,
      timeout: 0,
      parser: null,
      _httpMessage: [Circular 
*3],
      autoSelectFamilyAttempted
Addresses: [Array],
      
[Symbol(async_id_symbol)]: 6,
      [Symbol(kHandle)]: [TCP],
      
[Symbol(lastWriteQueueSize)]: 
0,
      [Symbol(timeout)]: 
Timeout {
        _idleTimeout: -1,
        _idlePrev: null,
        _idleNext: null,
        _idleStart: 131,
        _onTimeout: null,
        _timerArgs: undefined,
        _repeat: null,
        _destroyed: true,
        [Symbol(refed)]: false,
        
[Symbol(kHasPrimitive)]: false,
        [Symbol(asyncId)]: 5,
        [Symbol(triggerId)]: 1
      },
      [Symbol(kBuffer)]: null,
      [Symbol(kBufferCb)]: 
null,
      [Symbol(kBufferGen)]: 
null,
      [Symbol(shapeMode)]: 
true,
      [Symbol(kCapture)]: 
false,
      [Symbol(kSetNoDelay)]: 
true,
      [Symbol(kSetKeepAlive)]: 
true,
      [Symbol(kSetKeepAliveInit
ialDelay)]: 60,
      [Symbol(kBytesRead)]: 0,
      [Symbol(kBytesWritten)]: 
0
    },
    _header: 'GET /api/pdfs/693
5ddb99de156ebadd893dc/view 
HTTP/1.1\r\n' +
      'Accept: 
application/json, text/plain, 
*/*\r\n' +
      'User-Agent: 
axios/1.13.2\r\n' +
      'Accept-Encoding: gzip, 
compress, deflate, br\r\n' +
      'Host: 
localhost:5000\r\n' +
      'Connection: 
keep-alive\r\n' +
      '\r\n',
    _keepAliveTimeout: 0,
    _onPendingData: [Function: 
nop],
    agent: Agent {
      _events: [Object: null 
prototype],
      _eventsCount: 2,
      _maxListeners: undefined,
      defaultPort: 80,
      protocol: 'http:',
      options: [Object: null 
prototype],
      requests: [Object: null 
prototype] {},
      sockets: [Object: null 
prototype],
      freeSockets: [Object: 
null prototype] {},
      keepAliveMsecs: 1000,
      keepAlive: true,
      maxSockets: Infinity,
      maxFreeSockets: 256,
      scheduling: 'lifo',
      maxTotalSockets: 
Infinity,
      totalSocketCount: 1,
      [Symbol(shapeMode)]: 
false,
      [Symbol(kCapture)]: false
    },
    socketPath: undefined,
    method: 'GET',
    maxHeaderSize: undefined,
    insecureHTTPParser: 
undefined,
    joinDuplicateHeaders: 
undefined,
    path: '/api/pdfs/6935ddb99d
e156ebadd893dc/view',
    _ended: false,
    res: [Circular *2],
    aborted: false,
    timeoutCb: [Function: 
emitRequestTimeout],
    upgradeOrConnect: false,
    parser: null,
    maxHeadersCount: null,
    reusedSocket: false,
    host: 'localhost',
    protocol: 'http:',
    _redirectable: Writable {
      _events: [Object],
      _writableState: 
[WritableState],
      _maxListeners: undefined,
      _options: [Object],
      _ended: true,
      _ending: true,
      _redirectCount: 0,
      _redirects: [],
      _requestBodyLength: 0,
      _requestBodyBuffers: [],
      _eventsCount: 3,
      _onNativeResponse: 
[Function (anonymous)],
      _currentRequest: 
[Circular *3],
      _currentUrl: 'http://loca
lhost:5000/api/pdfs/6935ddb99de
156ebadd893dc/view',
      _timeout: null,
      [Symbol(shapeMode)]: 
true,
      [Symbol(kCapture)]: false
    },
    [Symbol(shapeMode)]: false,
    [Symbol(kCapture)]: false,
    [Symbol(kBytesWritten)]: 0,
    [Symbol(kNeedDrain)]: 
false,
    [Symbol(corked)]: 0,
    [Symbol(kOutHeaders)]: 
[Object: null prototype] {
      accept: [Array],
      'user-agent': [Array],
      'accept-encoding': 
[Array],
      host: [Array]
    },
    [Symbol(errored)]: null,
    [Symbol(kHighWaterMark)]: 
16384,
    [Symbol(kRejectNonStandardB
odyWrites)]: false,
    [Symbol(kUniqueHeaders)]: 
null
  },
  _eventsCount: 1,
  responseUrl: 'http://localhos
t:5000/api/pdfs/6935ddb99de156e
badd893dc/view',
  redirects: [],
  [Symbol(shapeMode)]: true,
  [Symbol(kCapture)]: false,
  [Symbol(kHeaders)]: {
    'content-security-policy': 
"default-src 'self';base-uri 
'self';font-src 'self' https: 
data:;form-action 
'self';frame-ancestors 'self' 
http://localhost:3000 https://d
hruvataare-ayurveda.vercel.app 
https://dhruvataare-ayurveda-u6
1c.vercel.app;img-src 'self' 
data:;object-src 
'none';script-src 
'self';script-src-attr 
'none';style-src 'self' https: 
'unsafe-inline';upgrade-insecur
e-requests",
    
'cross-origin-opener-policy': 
'same-origin',
    'cross-origin-resource-poli
cy': 'same-origin',
    'origin-agent-cluster': 
'?1',
    'referrer-policy': 
'no-referrer',
    
'strict-transport-security': 
'max-age=15552000; 
includeSubDomains',
    'x-content-type-options': 
'nosniff',
    'x-dns-prefetch-control': 
'off',
    'x-download-options': 
'noopen',
    'x-frame-options': 
'SAMEORIGIN',
    'x-permitted-cross-domain-p
olicies': 'none',
    'x-xss-protection': '0',
    vary: 'Origin, 
Accept-Encoding',
    'access-control-allow-crede
ntials': 'true',
    'ratelimit-policy': 
'1000;w=900',
    'ratelimit-limit': '1000',
    'ratelimit-remaining': 
'998',
    'ratelimit-reset': '875',
    'content-type': 
'application/json; 
charset=utf-8',
    'content-length': '43',
    etag: 'W/"2b-5u4GoMz2lOshf5
m0dlMi+nTFzvQ"',
    date: 'Sun, 07 Dec 2025 
20:23:06 GMT',
    connection: 'keep-alive',
    'keep-alive': 'timeout=5'
  },
  [Symbol(kHeadersCount)]: 48,
  [Symbol(kTrailers)]: null,
  [Symbol(kTrailersCount)]: 0
}
